mgcd start
     entry gcd
     extrn DRn
Gcd  +
 R (e('+-')a e(/0/)x e1) e('+-')b e(/0/)y e2 = <Gcd1 (e1)e2>
Gcd1 +
 ()           = 'error gcd: ()'<Gcd>
 ()  e1       = e1
 (e1)         = e1
 (e1) e2 = <Gcdv (e2) <DRn (e1)e2> >
Gcdv +
 (e1) ea (  ) = e1
 (e1) ea (e2) = <Gcdv (e2) <DRn (e1)e2> >
 end
